com/coolfunclub/dms/model/Account.class
com/coolfunclub/dms/model/Image$ImageBuilder.class
com/coolfunclub/dms/model/Person.class
com/coolfunclub/dms/model/Car.class
com/coolfunclub/dms/web/controller/ManagerController.class
com/coolfunclub/dms/web/controller/FullPurchaseController.class
com/coolfunclub/dms/model/Account$AccountBuilder.class
com/coolfunclub/dms/model/Customer.class
com/coolfunclub/dms/service/AccountService.class
com/coolfunclub/dms/web/controller/AccountController.class
com/coolfunclub/dms/model/Finance.class
com/EntityAlreadyExistsException.class
com/coolfunclub/dms/repository/CarRepository.class
com/coolfunclub/dms/service/ImageService.class
com/coolfunclub/dms/web/controller/SalesRepController.class
com/StorageException.class
com/coolfunclub/dtos/AccountDTO.class
com/coolfunclub/dms/repository/PurchaseRepository.class
com/coolfunclub/dms/service/FullPurchaseService.class
com/coolfunclub/dms/model/Image.class
com/coolfunclub/dms/repository/FinanceRepository.class
com/coolfunclub/dms/service/ManagerService.class
com/coolfunclub/dms/model/SalesRep.class
com/coolfunclub/dms/model/Car$CarBuilder.class
com/coolfunclub/dms/repository/AccountRepository.class
com/coolfunclub/dms/repository/CustomerRepository.class
com/coolfunclub/dms/repository/SalesRepRepository.class
com/coolfunclub/dms/model/FullPurchase.class
com/coolfunclub/dms/DmsApplication.class
com/coolfunclub/dms/service/CarService.class
com/coolfunclub/dms/model/Manager.class
com/coolfunclub/dms/service/FinanceService.class
com/coolfunclub/dms/service/CustomerService.class
com/coolfunclub/dms/web/controller/FinanceController.class
com/coolfunclub/dms/repository/ImageRepository.class
com/coolfunclub/dms/model/Purchase.class
com/coolfunclub/dms/web/controller/ImageController.class
com/coolfunclub/dms/repository/FullPurchaseRepository.class
com/coolfunclub/dms/repository/ManagerRepository.class
com/coolfunclub/dms/hello/HelloWorldController.class
com/coolfunclub/dms/service/SalesRepService.class
com/coolfunclub/dms/web/controller/CarController.class
com/coolfunclub/dms/web/controller/CustomerController.class
