/home/ec2-user/dms/dms/src/main/java/com/coolfunclub/dms/service/ManagerService.java
/home/ec2-user/dms/dms/src/main/java/com/coolfunclub/dms/web/controller/ImageController.java
/home/ec2-user/dms/dms/src/main/java/com/coolfunclub/dms/model/Customer.java
/home/ec2-user/dms/dms/src/main/java/com/coolfunclub/dms/model/Car.java
/home/ec2-user/dms/dms/src/main/java/com/coolfunclub/dms/model/Finance.java
/home/ec2-user/dms/dms/src/main/java/com/coolfunclub/dms/web/controller/CarController.java
/home/ec2-user/dms/dms/src/main/java/com/coolfunclub/dms/service/FullPurchaseService.java
/home/ec2-user/dms/dms/src/main/java/com/coolfunclub/dms/web/controller/FinanceController.java
/home/ec2-user/dms/dms/src/main/java/com/coolfunclub/dtos/AccountDTO.java
/home/ec2-user/dms/dms/src/main/java/com/coolfunclub/dms/web/controller/SalesRepController.java
/home/ec2-user/dms/dms/src/main/java/com/coolfunclub/dms/web/controller/FullPurchaseController.java
/home/ec2-user/dms/dms/src/main/java/com/coolfunclub/dms/repository/CustomerRepository.java
/home/ec2-user/dms/dms/src/main/java/com/coolfunclub/dms/service/SalesRepService.java
/home/ec2-user/dms/dms/src/main/java/com/coolfunclub/dms/model/Image.java
/home/ec2-user/dms/dms/src/main/java/com/coolfunclub/dms/model/FullPurchase.java
/home/ec2-user/dms/dms/src/main/java/com/coolfunclub/dms/model/Manager.java
/home/ec2-user/dms/dms/src/main/java/com/coolfunclub/dms/repository/FullPurchaseRepository.java
/home/ec2-user/dms/dms/src/main/java/com/coolfunclub/dms/service/CarService.java
/home/ec2-user/dms/dms/src/main/java/com/coolfunclub/dms/model/Purchase.java
/home/ec2-user/dms/dms/src/main/java/com/EntityAlreadyExistsException.java
/home/ec2-user/dms/dms/src/main/java/com/coolfunclub/dms/web/controller/AccountController.java
/home/ec2-user/dms/dms/src/main/java/com/coolfunclub/dms/model/SalesRep.java
/home/ec2-user/dms/dms/src/main/java/com/coolfunclub/dms/repository/SalesRepRepository.java
/home/ec2-user/dms/dms/src/main/java/com/coolfunclub/dms/repository/ImageRepository.java
/home/ec2-user/dms/dms/src/main/java/com/coolfunclub/dms/repository/PurchaseRepository.java
/home/ec2-user/dms/dms/src/main/java/com/coolfunclub/dms/hello/HelloWorldController.java
/home/ec2-user/dms/dms/src/main/java/com/coolfunclub/dms/repository/FinanceRepository.java
/home/ec2-user/dms/dms/src/main/java/com/coolfunclub/dms/service/AccountService.java
/home/ec2-user/dms/dms/src/main/java/com/coolfunclub/dms/repository/ManagerRepository.java
/home/ec2-user/dms/dms/src/main/java/com/coolfunclub/dms/service/FinanceService.java
/home/ec2-user/dms/dms/src/main/java/com/coolfunclub/dms/DmsApplication.java
/home/ec2-user/dms/dms/src/main/java/com/coolfunclub/dms/repository/AccountRepository.java
/home/ec2-user/dms/dms/src/main/java/com/coolfunclub/dms/web/controller/CustomerController.java
/home/ec2-user/dms/dms/src/main/java/com/coolfunclub/dms/repository/CarRepository.java
/home/ec2-user/dms/dms/src/main/java/com/coolfunclub/dms/service/CustomerService.java
/home/ec2-user/dms/dms/src/main/java/com/coolfunclub/dms/model/Person.java
/home/ec2-user/dms/dms/src/main/java/com/coolfunclub/dms/model/Account.java
/home/ec2-user/dms/dms/src/main/java/com/coolfunclub/dms/service/ImageService.java
/home/ec2-user/dms/dms/src/main/java/com/coolfunclub/dms/web/controller/ManagerController.java
/home/ec2-user/dms/dms/src/main/java/com/StorageException.java
